// Jest Snapshot v1, https://goo.gl/fbAQLP

exports[`renders the correct tree 1`] = `
<form
  onReset={[Function]}
  onSubmit={[Function]}
>
  <div>
    <span
      dangerouslySetInnerHTML={
        Object {
          "__html": "<svg xmlns=\\"http://www.w3.org/2000/svg\\" width=\\"24\\" height=\\"24\\" viewBox=\\"0 0 24 24\\" fill=\\"none\\" stroke=\\"currentColor\\" stroke-width=\\"2\\" stroke-linecap=\\"round\\" stroke-linejoin=\\"round\\" class=\\"feather feather-search\\"><circle cx=\\"11\\" cy=\\"11\\" r=\\"8\\"></circle><line x1=\\"21\\" y1=\\"21\\" x2=\\"16.65\\" y2=\\"16.65\\"></line></svg>",
        }
      }
    />
    <input
      name="search_query"
      onBlur={[Function]}
      onChange={[Function]}
      value="test"
    />
    <p />
    <button
      onClick={[Function]}
      type="button"
    >
      <span>
        <span
          dangerouslySetInnerHTML={
            Object {
              "__html": "<svg xmlns=\\"http://www.w3.org/2000/svg\\" width=\\"24\\" height=\\"24\\" viewBox=\\"0 0 24 24\\" fill=\\"none\\" stroke=\\"currentColor\\" stroke-width=\\"2\\" stroke-linecap=\\"round\\" stroke-linejoin=\\"round\\" class=\\"feather feather-x\\"><line x1=\\"18\\" y1=\\"6\\" x2=\\"6\\" y2=\\"18\\"></line><line x1=\\"6\\" y1=\\"6\\" x2=\\"18\\" y2=\\"18\\"></line></svg>",
            }
          }
        />
      </span>
    </button>
  </div>
</form>
`;
